2026-08-13 06:51:24.758: [INFO] CurrentProfilePath: D:\leidian\GPT\ssh\LdySSH_Portable_v1.0.0\LdySSH.exe.WebView2\EBWebView\Default
2026-08-13 06:51:24.758: [INFO] Profiles total count: 1
2026-08-13 06:51:24.758: [INFO] Profile: name=用户配置 1 path=D:\leidian\GPT\ssh\LdySSH_Portable_v1.0.0\LdySSH.exe.WebView2\EBWebView\Default lastActive=null
2026-08-13 06:51:24.758: [INFO] LastUsedProfileDir: D:\leidian\GPT\ssh\LdySSH_Portable_v1.0.0\LdySSH.exe.WebView2\EBWebView\Default
2026-08-13 06:51:24.758: [INFO] OnDoneLoading sync enabled: 0
2026-08-13 06:51:24.758: [INFO] BookmarkModelLoaded, ids_reassigned: 0
2026-08-13 06:51:24.758: [INFO] BookmarksLoadDropped droppedNodes=0
2026-08-13 06:51:24.758: [INFO] BookmarksSnapshot Startup total=0 bar=0 other=0 mobile=0 showBar=0 showBarNTP=1
2026-08-13 06:51:29.898: [INFO] BookmarksSnapshot Shutdown total=0 bar=0 other=0 mobile=0 showBar=0 showBarNTP=1
2026-08-13 06:52:04.419: [INFO] CurrentProfilePath: D:\leidian\GPT\ssh\LdySSH_Portable_v1.0.0\LdySSH.exe.WebView2\EBWebView\Default
2026-08-13 06:52:04.419: [INFO] Profiles total count: 1
2026-08-13 06:52:04.419: [INFO] Profile: name=用户配置 1 path=D:\leidian\GPT\ssh\LdySSH_Portable_v1.0.0\LdySSH.exe.WebView2\EBWebView\Default lastActive=2026-08-13T06:51:29.731Z
2026-08-13 06:52:04.419: [INFO] LastUsedProfileDir: D:\leidian\GPT\ssh\LdySSH_Portable_v1.0.0\LdySSH.exe.WebView2\EBWebView\Default
2026-08-13 06:52:04.419: [INFO] MostRecentlyActiveProfile: name=用户配置 1 path=D:\leidian\GPT\ssh\LdySSH_Portable_v1.0.0\LdySSH.exe.WebView2\EBWebView\Default lastActive=2026-08-13T06:51:29.731Z
2026-08-13 06:52:04.419: [INFO] OnDoneLoading sync enabled: 0
2026-08-13 06:52:04.419: [INFO] BookmarkModelLoaded, ids_reassigned: 0
2026-08-13 06:52:04.419: [INFO] BookmarksLoadDropped droppedNodes=0
2026-08-13 06:52:04.419: [INFO] BookmarksSnapshot Startup total=0 bar=0 other=0 mobile=0 showBar=0 showBarNTP=1
2026-08-13 06:52:23.855: [INFO] BookmarksSnapshot Shutdown total=0 bar=0 other=0 mobile=0 showBar=0 showBarNTP=1
2026-08-13 06:52:25.241: [INFO] CurrentProfilePath: D:\leidian\GPT\ssh\LdySSH_Portable_v1.0.0\LdySSH.exe.WebView2\EBWebView\Default
2026-08-13 06:52:25.241: [INFO] Profiles total count: 1
2026-08-13 06:52:25.242: [INFO] Profile: name=用户配置 1 path=D:\leidian\GPT\ssh\LdySSH_Portable_v1.0.0\LdySSH.exe.WebView2\EBWebView\Default lastActive=2026-08-13T06:52:07.440Z
2026-08-13 06:52:25.242: [INFO] LastUsedProfileDir: D:\leidian\GPT\ssh\LdySSH_Portable_v1.0.0\LdySSH.exe.WebView2\EBWebView\Default
2026-08-13 06:52:25.242: [INFO] MostRecentlyActiveProfile: name=用户配置 1 path=D:\leidian\GPT\ssh\LdySSH_Portable_v1.0.0\LdySSH.exe.WebView2\EBWebView\Default lastActive=2026-08-13T06:52:07.440Z
2026-08-13 06:52:25.242: [INFO] OnDoneLoading sync enabled: 0
2026-08-13 06:52:25.242: [INFO] BookmarkModelLoaded, ids_reassigned: 0
2026-08-13 06:52:25.242: [INFO] BookmarksLoadDropped droppedNodes=0
2026-08-13 06:52:25.242: [INFO] BookmarksSnapshot Startup total=0 bar=0 other=0 mobile=0 showBar=0 showBarNTP=1
2026-08-13 07:05:55.994: [INFO] BookmarksSnapshot Shutdown total=0 bar=0 other=0 mobile=0 showBar=0 showBarNTP=1
